// Jest Snapshot v1, https://goo.gl/fbAQLP

exports[`Button should match snapshot 1`] = `
<div>
  <a
    class="sc-bdvvtL fTQGOF"
    href="/"
  >
    Take a Break
  </a>
</div>
`;
